2026-09-16 19:51:31,552 - MRLMRP - INFO - ### model configuration ###
2026-09-16 19:51:31,552 - MRLMRP - INFO - training.set=./datasets/mineral-Li/train.csv
2026-09-16 19:51:31,552 - MRLMRP - INFO - test.set=./datasets/mineral-Li/test.csv
2026-09-16 19:51:31,553 - MRLMRP - INFO - dev.set=./datasets/mineral-Li/dev.csv
2026-09-16 19:51:31,553 - MRLMRP - INFO - model.name=MRLMRP
2026-09-16 19:51:31,553 - MRLMRP - INFO - model.type=graph
2026-09-16 19:51:31,553 - MRLMRP - INFO - item.ranking=-topN 10,20
2026-09-16 19:51:31,553 - MRLMRP - INFO - embedding.size=64
2026-09-16 19:51:31,553 - MRLMRP - INFO - num.max.epoch=300
2026-09-16 19:51:31,553 - MRLMRP - INFO - batch_size=2048
2026-09-16 19:51:31,553 - MRLMRP - INFO - learnRate=0.001
2026-09-16 19:51:31,553 - MRLMRP - INFO - reg.lambda=0.0001
2026-09-16 19:51:31,553 - MRLMRP - INFO - MRLMRP=-n_layer 3 -ssl_reg 1e-6 -proto_reg 1e-7 -tau 0.05 -hyper_layers 1 -alpha 1.5 -num_clusters 200
2026-09-16 19:51:31,553 - MRLMRP - INFO - output.setup=-dir ./results/
2026-09-16 19:51:31,553 - MRLMRP - INFO - seed=42
2026-09-16 19:51:31,553 - MRLMRP - INFO - mineral_embedding_path=./pretrained_emb/mineral_embeddings_64.pt
2026-09-16 19:51:31,553 - MRLMRP - INFO - mineral_dict_path=./datasets/mineral-Li/mineral_list.txt
2026-09-16 19:51:31,553 - MRLMRP - INFO - k=3
2026-09-16 19:51:31,553 - MRLMRP - INFO - coe=0.3
2026-09-16 19:53:09,123 - MRLMRP - INFO - ###Evaluation Results (dev_result)###
2026-09-16 19:53:09,123 - MRLMRP - INFO - ['Top 10\n', 'Hit Ratio:0.38838\n', 'Precision:0.27727\n', 'Recall:0.52807\n', 'NDCG:0.53004\n', 'Top 20\n', 'Hit Ratio:0.52487\n', 'Precision:0.18736\n', 'Recall:0.65622\n', 'NDCG:0.56387\n']
2026-09-16 19:53:09,154 - MRLMRP - INFO - ###Evaluation Results (test_result)###
2026-09-16 19:53:09,154 - MRLMRP - INFO - ['Top 10\n', 'Hit Ratio:0.38906\n', 'Precision:0.29091\n', 'Recall:0.53642\n', 'NDCG:0.54513\n', 'Top 20\n', 'Hit Ratio:0.51843\n', 'Precision:0.19382\n', 'Recall:0.66062\n', 'NDCG:0.57075\n']
